48
6
38
30
32
62
45
54
46
51
11
37
33
31
14
34
49
15
23
15
30
29
1
27
39
7
6
41
57
3
48
6
61
52
0
59
8
58
1
18
44
64
22
31
0
39
54
14
14
38
12
46
45
36
65
6
18
16
38
