13342
30076
111038
68066
8964
158090
93702
8320
161671
335
