4
26
6462
6462
2268
20
74
2030
1154
4124
2268
692
6
1828
1460
166
6
114
166
692
284
524
2
524
692
450
390
1626
5414
46
1154
26
2268
166
74
7060
524
8350
10
94
692
1626
7658
74
3074
786
2030
140
7060
330
6462
9042
692
2030
3734
598
140
786
598
36
598
238
1
5414
330
26
1626
1
7060
10
2
3074
36
6462
2506
6462
5414
524
2790
2268
94
2030
202
8350
5938
166
3404
4124
140
60
786
94
450
450
4124
2268
5414
26
1460
9828
