875169601
116707285
728999619
413010577
8441171
474656348
753614519
560569720
830239941
311306243
110322176
814264002
260860516
474208765
812766298
235239120
80436684
905265785
936769673
419613980
314048147
400560254
586908975
718947341
230366318
670858339
807303959
415575217
689078266
504419866
127856339
887753603
118607493
541484365
474652494
566516953
638199851
992876671
535550033
964208730
700605081
734804543
703189932
852680986
431218631
94344436
419139018
751768882
164691092
253902841
486294852
5272476
193727614
811510713
903462269
374644392
832831261
255383434
325747321
81325512
422369048
4643466
466270923
687493700
600904310
456154717
192786535
619575424
273661851
642714871
384069816
139817971
642724694
885158342
144494911
483392872
562117960
838180276
500317867
387198200
101717496
137042572
948816998
576917081
213548426
714761846
358385380
308745120
671987389
429149394
176262014
543734033
671067511
513563726
814297075
864254027
411714846
449059223
758021373
465864414
