2200201
222201100
21111200011120
2201220
2201002021022
110111111100
2120120220
210211101012010221
2222
222222200111001000
