2
513
145
240
17
117
186
99
7
7
126
124
0
177
25
32
0
10
138
37
4
51
21
49
47
3
3
79
37
89
57
24
85
44
84
95
64
83
142
194
76
133
9
213
110
270
38
264
1
125
238
116
98
376
37
166
8
44
3
243
8
10
112
82
113
93
115
99
9
26
131
15
38
8160
