3302020102031030
332222210022121
3221310100
1111000
333320333022333331
31301
32123222201002212
3330
332221000210
313023302203210031
