24001815906
71075460352
8858442302
37348765006
69564792486
37712107356
70280554963
91862712067
60140048098
5559718561
