94736456802
66879345309
51485996579
59022340797
4006514859
77229155262
3827098
4568806231
17076308192
8418034546
