37
124
55
846
163
427
328
57
20
269
349
118
141
261
87
125
99
115
33
376
418
41
22
20
315
46
216
0
67
19
270
249
88
500
5
49
124
10
84
91
77
286
192
20
339
116
104
27
41
69
307
32
97
16
97
135
76
296
120
126
10441
