212095
86
62037
6806
84298
24870
1988
114179
187414
37847
