639377541
10872458
947290341
916634253
956707198
465819288
36751733
862778820
133886392
234141861
128112810
265688651
846381334
624882900
961854691
389890257
428344071
868660391
958070205
849756969
9004102
891014743
160947386
635087603
999573355
92815399
900740350
887290135
399465741
569712118
447528452
150504268
968023695
551386997
27943594
49983723
98037956
601567697
864897413
23254896
421400158
409692512
73172407
706478549
186976085
78011959
308993087
254896383
662650904
641330262
69266493
646426341
698058005
382726490
131024584
159053873
761265472
582682614
202746278
50255389
755804889
391919463
614698023
633351291
849796067
354557120
911233582
784384178
563349581
656800870
65016622
880757684
423936171
168951851
827314274
162553322
388086696
535835212
804151790
584332444
473408901
156559112
562815405
59093508
347859043
381585571
706036012
730787677
537838821
364798594
292410955
595018992
795294713
600857032
749489978
618871764
811044332
630694154
265842239
979665583
