156242487
290877148
965217577
96843206
370053460
31064134
130483112
20846377
365053937
2431269
