87672432
884274705333
88318355625631277
83827
860544500050035
8834043020300
8135081
8476401473
7662
764053303636230011
