44141
55423415
41321
52154413523
513424355521142555
520543555555244
5350115452224
5453522224
553530555055255531
555521112413412131
