26
2
4
60
14
14
2
36
4
10
60
4
6
4
20
10
14
6
6
46
14
46
6
60
2
2
1
14
20
6
36
14
20
6
2
1
46
60
46
26
26
6
4
14
36
10
4
4
14
36
46
10
20
1
14
26
26
36
10
26
20
4
36
10
10
36
46
46
14
2
1
26
36
2
4
20
26
26
4
36
4
14
4
4
46
4
20
4
26
4
6
10
6
26
46
14
14
2
20
60
