361035
107612
486775
227433
425480
436667
229493
467216
0
316267
