7928986263
74929848199
54064644682
65658561940
101664208884
121443150286
50274903751
40576952828
12885337975
13333759207
