20
4
10
6
6
6
14
46
1
36
26
6
26
20
6
14
26
20
36
60
2
10
4
46
36
1
2
14
6
4
26
6
10
36
4
6
26
2
26
60
10
14
4
10
10
2
60
10
1
60
20
60
36
14
2
20
60
26
6
2
26
6
46
36
46
36
46
2
6
14
10
36
46
14
20
14
6
14
26
4
6
6
26
36
60
10
1
26
14
46
26
10
26
20
46
46
14
2
36
60
