685103521
450818497
923562955
811270447
416931778
923662284
49542969
411272844
141441349
168669824
605326363
755683808
499652154
563222328
140820591
404409501
960657
747608897
776881224
993442559
935256830
213493133
970531776
144556188
57370951
791131705
949325456
982760094
428012244
782932099
78624298
289309000
787588183
306815143
271204466
16544412
342795217
572273879
586663058
513124076
930795654
533711965
242904383
462945744
311847989
404311138
953879083
597428114
573961759
62553759
883832896
755904926
69144966
383507666
216566314
597054234
18761783
648548775
984421529
718953448
361006958
414492556
815952458
171305655
476663270
117576661
217248226
214378727
212048989
923121200
529757959
328623505
978032142
390666915
153866164
49103956
666403609
190877728
710514370
834972381
303898590
251802165
784633741
85669778
665386699
276176073
194486340
330164129
164443616
27867151
689196785
337375309
639391832
36318961
249219325
970578960
838729656
692045860
214020828
979665583
