404654893
547210359
863044855
134509519
327255614
684518884
715632984
590024810
381188534
625808980
554139884
565326828
81222576
113131299
623615077
614445664
616449330
792473992
239718466
818116344
828773234
362860259
166961542
318155057
152810925
114896901
94196192
515110857
709403527
434690057
488260404
18516439
944804023
562011273
119943986
458325724
235343909
989842543
197787320
354059038
864358149
519805157
786248506
787767522
544261509
305746132
541431175
869042753
492845789
572128280
826185399
928302251
467235570
93411309
420897175
639724575
879036149
907668985
772175613
906037917
895903304
517259012
697443205
153975652
186853841
701481468
499965990
87313084
64489545
116458914
561845415
939809621
482176543
185874499
10685528
684420591
937165426
556510710
488715499
581308898
881833709
155990506
750388088
849366163
176034451
897643340
356847567
846410942
975885636
619305414
987732292
745070307
124889741
807870197
568666619
554711186
381266740
110356430
751570858
979665583
