750225
666555250131
7204
762102346355
765655262332011
6622531
741356356705
72417747765673701
77753544361411
716705621747111705
