24246582
687773
431365002
334298807
322870379
458586042
599420560
665793816
301213123
143472035
