48
619
143
620
1469
24
10
1309
224
458
256
857
356
479
761
943
173
236
33
40
27
725
98
15
521
274
649
262
287
426
33
621
38
48
278
140
401
15380
