5212542310035053
55431
5131
555544203030322
5421
5554
5555311243211112
44421001321
5553402310
410200344133212320
