725949866
317187940
208859552
519143831
43157309
670459364
739230462
315983382
259073911
547557788
916596268
795744393
929967200
716260318
945406680
642211723
21435006
346351409
709503584
337550155
418014935
287555549
183141571
593198969
688873995
24120636
993497862
348500795
620830052
872350069
381285364
679997214
359698876
439156599
662492476
652090087
177456304
671835508
255260963
107835619
73117760
109959255
920133395
872429810
585376083
438037426
441488103
680111176
849598537
309308708
168108753
793471506
432071210
811259123
2937614
846288835
700399223
55152278
245463709
320341853
252875356
190844428
208914825
641751124
552785510
996097248
520952656
605880267
888433207
372405703
934318339
613729844
215890862
758317859
605362267
859701160
805355499
698027428
165831476
391115063
153957452
131537829
894051945
34745427
672514602
971299518
178102019
774041220
252524220
276225093
903986512
70589563
800363820
868842453
643411324
541893145
810263609
477863098
686883110
979665583
