3404
74
598
94
4514
1294
524
1014
450
2506
20
786
3404
6462
524
390
2506
3734
7060
1014
4124
5414
9042
4
10
692
166
330
2506
3074
36
114
450
6462
3404
390
6462
4124
692
8350
6
524
8350
692
330
36
1828
74
524
1460
94
1154
2030
1460
26
202
390
8350
900
14
2
1626
3734
4124
692
2268
94
9042
1154
1460
450
4
7060
1626
74
74
390
2268
2030
2790
1828
74
166
166
900
6462
8350
238
1154
1460
166
6
390
3404
10
238
330
1460
692
9828
