399274661
420504457
369180676
755792736
124938816
245426569
824661360
58059134
545743001
786336420
103224072
152192595
695327838
342938797
312018623
84530347
274115779
923112613
703052169
311166947
239518354
850360485
743276382
937974776
100006993
491618450
81868845
804282208
125650174
969336087
567468618
866021404
872170204
229721285
520544743
955569249
891983427
199789772
966393802
821275754
714486283
654724748
580876627
954139348
690521636
196737424
941725331
250917340
495988554
905786893
15973348
482272908
913902816
684590885
322948512
606336185
383699067
647837815
530715517
80197246
553993427
172804146
78462977
638307570
657620598
459368437
779075514
203405434
855784643
614477902
279866945
721740653
136967523
961603724
375049064
323527321
625604490
253051981
675420392
50983633
404204449
502139003
784754427
233452709
528011149
998491151
416683939
141512432
625536570
436029985
961657363
473919759
806834100
792400136
192456039
581682402
327494694
147230282
389025254
46394541
