762343
987434
1685246
125929
226745
524015
1355943
729022
518846
1503524
