5432234133
55555020
5135414034
513402403244221
5432054245420131
55531224001
51404002153542031
511233532541
5112
555555552315555512
