0
299383
679377
0
284460
113966
1073373
135844
781086
715289
