851676681
855059450
971830758
840369346
451195788
23188664
901454708
244700498
974498736
445267167
674062587
518739256
898013743
262116661
428923615
569125938
329547690
920111015
938817192
780963086
149950151
677526709
949853444
880852343
141901042
950426081
737995796
524837703
123576730
43742496
300564372
495676352
719245594
192530068
152250575
103977449
797536871
498323785
934975407
874681347
207894838
960334546
536154203
845830377
142994006
353667587
783265206
809067733
885010199
881789315
371824799
835884346
368733360
275309996
197053912
110638157
71161543
241706772
718433147
698924125
410565306
871429111
685278747
24209928
273643250
965493087
153096677
429807917
469341956
402963037
578302807
926391409
279082412
826494776
45718196
77566398
30044255
138138254
643762909
703172947
641721269
910568963
777268034
333930128
997182491
94042698
78738939
460370362
165247716
143733211
995829942
507628279
190146077
334290587
133350494
34625573
579045031
366614855
909647839
465864414
