110650700
232236016
404900378
20144081
893837102
35491729
24589921
978213806
90461658
909224911
916378383
125578088
277016678
956290643
410965499
719980340
896572416
348765824
862127017
50790492
844042820
529903896
565625479
709364946
171756601
802666760
38924743
228700421
998520489
731521392
750322553
114320266
227518369
957761379
271767200
586476333
897095305
768936426
742247970
385016487
961686444
953283745
161788824
687980370
794081660
809848702
932418670
946377289
541963959
632750833
129306949
668880796
608429678
13428696
878218368
895969755
398940429
521483186
138161591
469578630
939120874
924888601
999729984
23798976
249087944
392736688
924668248
311053777
818701373
743673525
763423780
955938181
291035143
334077830
484902242
829916398
578258784
504033711
287638727
893432301
922724480
952959693
902625150
535277633
922346743
645192768
903884870
307553862
873759545
253194720
785818676
379581285
616464182
712031567
166631215
855139440
806369611
683167729
325454930
465864414
